
> payment-tracker@0.0.0 build
> tsc -b && vite build

src/components/Badge.tsx(1,1): error TS6133: 'React' is declared but its value is never read.
src/components/Badge.tsx(3,10): error TS1484: 'Transaction' is a type and must be imported using a type-only import when 'verbatimModuleSyntax' is enabled.
src/components/Layout.tsx(1,1): error TS6133: 'React' is declared but its value is never read.
src/components/StatCard.tsx(1,1): error TS6133: 'React' is declared but its value is never read.
src/components/StatCard.tsx(3,10): error TS1484: 'LucideIcon' is a type and must be imported using a type-only import when 'verbatimModuleSyntax' is enabled.
src/lib/utils.ts(1,28): error TS6133: 'isSameMonth' is declared but its value is never read.
src/lib/utils.ts(3,10): error TS1484: 'Transaction' is a type and must be imported using a type-only import when 'verbatimModuleSyntax' is enabled.
